// Jest Snapshot v1, https://goo.gl/fbAQLP

exports[`App component renders the app component: app.png 1`] = `<div />`;
